Archive member included to satisfy reference by file (symbol)

c:/intelfpga_lite/18.1/nios2eds/bin/gnu/h-x86_64-mingw32/bin/../lib/gcc/nios2-elf/5.3.0/mno-hw-mul\libgcc.a(lib2-divmod.o)
                              obj/default/src/detect.o (__divsi3)
c:/intelfpga_lite/18.1/nios2eds/bin/gnu/h-x86_64-mingw32/bin/../lib/gcc/nios2-elf/5.3.0/mno-hw-mul\libgcc.a(lib2-mul.o)
                              obj/default/src/ai/ai.o (__mulsi3)
c:/intelfpga_lite/18.1/nios2eds/bin/gnu/h-x86_64-mingw32/bin/../lib/gcc/nios2-elf/5.3.0/../../../../../H-x86_64-mingw32/nios2-elf/lib/mno-hw-mul\libsmallc.a(lib_a-memcpy.o)
                              obj/default/src/output/BLE/BLE.o (memcpy)
../DebugAI_Speech1_bsp/\libhal_bsp.a(alt_iic.o)
                              obj/default/src/ai/ai.o (alt_ic_isr_register)
../DebugAI_Speech1_bsp/\libhal_bsp.a(alt_iic_isr_register.o)
                              ../DebugAI_Speech1_bsp/\libhal_bsp.a(alt_iic.o) (alt_iic_isr_register)
../DebugAI_Speech1_bsp/\libhal_bsp.a(alt_irq_entry.o)
                              ../DebugAI_Speech1_bsp/\libhal_bsp.a(alt_iic_isr_register.o) (alt_irq_entry)
../DebugAI_Speech1_bsp/\libhal_bsp.a(alt_irq_handler.o)
                              ../DebugAI_Speech1_bsp/\libhal_bsp.a(alt_iic_isr_register.o) (alt_irq_handler)
../DebugAI_Speech1_bsp/\libhal_bsp.a(alt_irq_vars.o)
                              ../DebugAI_Speech1_bsp/\libhal_bsp.a(alt_iic.o) (alt_irq_active)
../DebugAI_Speech1_bsp/\libhal_bsp.a(alt_load.o)
                              ../DebugAI_Speech1_bsp//obj/HAL/src/crt0.o (alt_load)
../DebugAI_Speech1_bsp/\libhal_bsp.a(alt_main.o)
                              ../DebugAI_Speech1_bsp//obj/HAL/src/crt0.o (alt_main)
../DebugAI_Speech1_bsp/\libhal_bsp.a(alt_printf.o)
                              obj/default/src/ai/ai_group.o (alt_printf)
../DebugAI_Speech1_bsp/\libhal_bsp.a(alt_putchar.o)
                              ../DebugAI_Speech1_bsp/\libhal_bsp.a(alt_printf.o) (alt_putchar)
../DebugAI_Speech1_bsp/\libhal_bsp.a(alt_sys_init.o)
                              ../DebugAI_Speech1_bsp/\libhal_bsp.a(alt_main.o) (alt_irq_init)
../DebugAI_Speech1_bsp/\libhal_bsp.a(altera_avalon_jtag_uart_write.o)
                              ../DebugAI_Speech1_bsp/\libhal_bsp.a(alt_putchar.o) (altera_avalon_jtag_uart_write)
../DebugAI_Speech1_bsp/\libhal_bsp.a(alt_dcache_flush_all.o)
                              ../DebugAI_Speech1_bsp/\libhal_bsp.a(alt_load.o) (alt_dcache_flush_all)
../DebugAI_Speech1_bsp/\libhal_bsp.a(alt_exception_entry.o)
                              ../DebugAI_Speech1_bsp/\libhal_bsp.a(alt_irq_entry.o) (alt_exception)
../DebugAI_Speech1_bsp/\libhal_bsp.a(alt_icache_flush_all.o)
                              ../DebugAI_Speech1_bsp/\libhal_bsp.a(alt_load.o) (alt_icache_flush_all)
../DebugAI_Speech1_bsp/\libhal_bsp.a(alt_instruction_exception_entry.o)
                              ../DebugAI_Speech1_bsp/\libhal_bsp.a(alt_exception_entry.o) (alt_instruction_exception_entry)
../DebugAI_Speech1_bsp/\libhal_bsp.a(altera_nios2_gen2_irq.o)
                              ../DebugAI_Speech1_bsp/\libhal_bsp.a(alt_sys_init.o) (altera_nios2_gen2_irq_init)

Allocating common symbols
Common symbol       size              file

alt_irq             0x100             ../DebugAI_Speech1_bsp/\libhal_bsp.a(alt_irq_handler.o)
queue               0xc               obj/default/src/microphone/microphone.o
table               0xbb80            obj/default/hello_world_small.o

Memory Configuration

Name             Origin             Length             Attributes
reset            0x0000000000060000 0x0000000000000020
SysRAM           0x0000000000060020 0x0000000000013fe0
*default*        0x0000000000000000 0xffffffffffffffff

Linker script and memory map

LOAD ../DebugAI_Speech1_bsp//obj/HAL/src/crt0.o
LOAD obj/default/hello_world_small.o
LOAD obj/default/src/ai/ai.o
LOAD obj/default/src/ai/ai_db.o
LOAD obj/default/src/ai/ai_group.o
LOAD obj/default/src/ai/dma/dma.o
LOAD obj/default/src/detect.o
LOAD obj/default/src/disk/ai_fs.o
LOAD obj/default/src/disk/disk.o
LOAD obj/default/src/main.o
LOAD obj/default/src/microphone/microphone.o
LOAD obj/default/src/microphone/queue.o
LOAD obj/default/src/microphone/recorder.o
LOAD obj/default/src/output/BLE/BLE.o
LOAD obj/default/src/output/BLE/communication.o
LOAD obj/default/src/output/exception.o
LOAD obj/default/src/output/gpio_distance.o
LOAD obj/default/src/output/gpio_distance_measure.o
LOAD obj/default/src/output/gpio_status_animations.o
LOAD obj/default/src/processing/normalisation.o
LOAD obj/default/src/processing/spectrogram.o
LOAD obj/default/src/processing/utils/loud.o
LOAD obj/default/src/processing/utils/scalex.o
LOAD obj/default/src/selfchecks.o
LOAD obj/default/src/speaker/sound.o
LOAD obj/default/src/speaker/speaker.o
LOAD obj/default/src/utils/control_sum.o
LOAD obj/default/src/utils/datatypes.o
LOAD obj/default/src/utils/printnum.o
LOAD obj/default/src/utils/reset.o
LOAD obj/default/src/utils/timer/timer.o
LOAD c:/intelfpga_lite/18.1/nios2eds/bin/gnu/h-x86_64-mingw32/bin/../lib/gcc/nios2-elf/5.3.0/../../../../../H-x86_64-mingw32/nios2-elf/lib/mno-hw-mul\libstdc++.a
LOAD c:/intelfpga_lite/18.1/nios2eds/bin/gnu/h-x86_64-mingw32/bin/../lib/gcc/nios2-elf/5.3.0/../../../../../H-x86_64-mingw32/nios2-elf/lib/mno-hw-mul\libm.a
LOAD c:/intelfpga_lite/18.1/nios2eds/bin/gnu/h-x86_64-mingw32/bin/../lib/gcc/nios2-elf/5.3.0/mno-hw-mul\libgcc.a
START GROUP
LOAD c:/intelfpga_lite/18.1/nios2eds/bin/gnu/h-x86_64-mingw32/bin/../lib/gcc/nios2-elf/5.3.0/../../../../../H-x86_64-mingw32/nios2-elf/lib/mno-hw-mul\libsmallc.a
LOAD c:/intelfpga_lite/18.1/nios2eds/bin/gnu/h-x86_64-mingw32/bin/../lib/gcc/nios2-elf/5.3.0/mno-hw-mul\libgcc.a
LOAD ../DebugAI_Speech1_bsp/\libhal_bsp.a
LOAD c:/intelfpga_lite/18.1/nios2eds/bin/gnu/h-x86_64-mingw32/bin/../lib/gcc/nios2-elf/5.3.0/../../../../../H-x86_64-mingw32/nios2-elf/lib/mno-hw-mul\libm.a
END GROUP
LOAD c:/intelfpga_lite/18.1/nios2eds/bin/gnu/h-x86_64-mingw32/bin/../lib/gcc/nios2-elf/5.3.0/mno-hw-mul\libgcc.a
                0x0000000000060000                __alt_mem_SysRAM = 0x60000

.entry          0x0000000000060000       0x20
 *(.entry)
 .entry         0x0000000000060000       0x20 ../DebugAI_Speech1_bsp//obj/HAL/src/crt0.o
                0x0000000000060000                __reset
                0x000000000006000c                _exit

.exceptions     0x0000000000060020      0x160
                0x0000000000060020                PROVIDE (__ram_exceptions_start, ABSOLUTE (.))
                0x0000000000060020                . = ALIGN (0x20)
 *(.irq)
 *(.exceptions.entry.label)
 .exceptions.entry.label
                0x0000000000060020        0x0 ../DebugAI_Speech1_bsp/\libhal_bsp.a(alt_irq_entry.o)
                0x0000000000060020                alt_irq_entry
 .exceptions.entry.label
                0x0000000000060020        0x0 ../DebugAI_Speech1_bsp/\libhal_bsp.a(alt_exception_entry.o)
                0x0000000000060020                alt_exception
 *(.exceptions.entry.user)
 *(.exceptions.entry.ecc_fatal)
 *(.exceptions.entry)
 .exceptions.entry
                0x0000000000060020       0x54 ../DebugAI_Speech1_bsp/\libhal_bsp.a(alt_exception_entry.o)
 *(.exceptions.irqtest.user)
 *(.exceptions.irqtest)
 .exceptions.irqtest
                0x0000000000060074       0x10 ../DebugAI_Speech1_bsp/\libhal_bsp.a(alt_irq_entry.o)
 *(.exceptions.irqhandler.user)
 *(.exceptions.irqhandler)
 .exceptions.irqhandler
                0x0000000000060084        0x4 ../DebugAI_Speech1_bsp/\libhal_bsp.a(alt_irq_entry.o)
 *(.exceptions.irqreturn.user)
 *(.exceptions.irqreturn)
 .exceptions.irqreturn
                0x0000000000060088        0x4 ../DebugAI_Speech1_bsp/\libhal_bsp.a(alt_irq_entry.o)
 *(.exceptions.notirq.label)
 .exceptions.notirq.label
                0x000000000006008c        0x0 ../DebugAI_Speech1_bsp/\libhal_bsp.a(alt_irq_entry.o)
 *(.exceptions.notirq.user)
 *(.exceptions.notirq)
 .exceptions.notirq
                0x000000000006008c        0x8 ../DebugAI_Speech1_bsp/\libhal_bsp.a(alt_exception_entry.o)
 *(.exceptions.soft.user)
 *(.exceptions.soft)
 *(.exceptions.unknown.user)
 *(.exceptions.unknown)
 .exceptions.unknown
                0x0000000000060094       0x14 ../DebugAI_Speech1_bsp/\libhal_bsp.a(alt_exception_entry.o)
 *(.exceptions.exit.label)
 .exceptions.exit.label
                0x00000000000600a8        0x0 ../DebugAI_Speech1_bsp/\libhal_bsp.a(alt_irq_entry.o)
 .exceptions.exit.label
                0x00000000000600a8        0x0 ../DebugAI_Speech1_bsp/\libhal_bsp.a(alt_exception_entry.o)
 *(.exceptions.exit.user)
 *(.exceptions.exit)
 .exceptions.exit
                0x00000000000600a8       0x54 ../DebugAI_Speech1_bsp/\libhal_bsp.a(alt_exception_entry.o)
 *(.exceptions)
 .exceptions    0x00000000000600fc       0x60 ../DebugAI_Speech1_bsp/\libhal_bsp.a(alt_irq_handler.o)
                0x00000000000600fc                alt_irq_handler
 .exceptions    0x000000000006015c       0x24 ../DebugAI_Speech1_bsp/\libhal_bsp.a(alt_instruction_exception_entry.o)
                0x000000000006015c                alt_instruction_exception_entry
                0x0000000000060180                PROVIDE (__ram_exceptions_end, ABSOLUTE (.))
                0x0000000000060020                PROVIDE (__flash_exceptions_start, LOADADDR (.exceptions))

.text           0x0000000000060180     0x4bc4
                [!provide]                        PROVIDE (stext, ABSOLUTE (.))
 *(.interp)
 *(.hash)
 *(.dynsym)
 *(.dynstr)
 *(.gnu.version)
 *(.gnu.version_d)
 *(.gnu.version_r)
 *(.rel.init)
 *(.rela.init)
 *(.rel.text .rel.text.* .rel.gnu.linkonce.t.*)
 *(.rela.text .rela.text.* .rela.gnu.linkonce.t.*)
 *(.rel.fini)
 *(.rela.fini)
 *(.rel.rodata .rel.rodata.* .rel.gnu.linkonce.r.*)
 *(.rela.rodata .rela.rodata.* .rela.gnu.linkonce.r.*)
 *(.rel.data .rel.data.* .rel.gnu.linkonce.d.*)
 *(.rela.data .rela.data.* .rela.gnu.linkonce.d.*)
 *(.rel.tdata .rel.tdata.* .rel.gnu.linkonce.td.*)
 *(.rela.tdata .rela.tdata.* .rela.gnu.linkonce.td.*)
 *(.rel.tbss .rel.tbss.* .rel.gnu.linkonce.tb.*)
 *(.rela.tbss .rela.tbss.* .rela.gnu.linkonce.tb.*)
 *(.rel.ctors)
 *(.rela.ctors)
 *(.rel.dtors)
 *(.rela.dtors)
 *(.rel.got)
 *(.rela.got)
 *(.rel.sdata .rel.sdata.* .rel.gnu.linkonce.s.*)
 *(.rela.sdata .rela.sdata.* .rela.gnu.linkonce.s.*)
 *(.rel.sbss .rel.sbss.* .rel.gnu.linkonce.sb.*)
 *(.rela.sbss .rela.sbss.* .rela.gnu.linkonce.sb.*)
 *(.rel.sdata2 .rel.sdata2.* .rel.gnu.linkonce.s2.*)
 *(.rela.sdata2 .rela.sdata2.* .rela.gnu.linkonce.s2.*)
 *(.rel.sbss2 .rel.sbss2.* .rel.gnu.linkonce.sb2.*)
 *(.rela.sbss2 .rela.sbss2.* .rela.gnu.linkonce.sb2.*)
 *(.rel.bss .rel.bss.* .rel.gnu.linkonce.b.*)
 *(.rela.bss .rela.bss.* .rela.gnu.linkonce.b.*)
 *(.rel.plt)
 *(.rela.plt)
 *(.rel.dyn)
 *(.init)
 *(.plt)
 *(.text .stub .text.* .gnu.linkonce.t.*)
 .text          0x0000000000060180       0x3c ../DebugAI_Speech1_bsp//obj/HAL/src/crt0.o
                0x0000000000060180                _start
 .text          0x00000000000601bc        0x0 obj/default/hello_world_small.o
 .text.startup  0x00000000000601bc      0x1dc obj/default/hello_world_small.o
                0x00000000000601bc                main
 .text          0x0000000000060398      0x244 obj/default/src/ai/ai.o
                0x00000000000603b0                AI_init
                0x00000000000603e0                AI_debug_report
                0x00000000000603e4                count_diffrence
                0x000000000006045c                AI_compare
 .text          0x00000000000605dc      0x4a0 obj/default/src/ai/ai_db.o
                0x00000000000605dc                isDatabase
                0x000000000006063c                isProperDatabase
                0x00000000000606e8                load_linker_list
                0x00000000000607e4                load_list
                0x0000000000060934                readDatabase
 .text          0x0000000000060a7c      0x5ec obj/default/src/ai/ai_group.o
                0x0000000000060a7c                make_linker_table
                0x0000000000060a94                isDetected
                0x0000000000060ac0                isNotDetected
                0x0000000000060af0                selectBestSuit
                0x0000000000060b48                analyse_load_errors
                0x0000000000060b80                ai_group_selfcheck
                0x0000000000060d84                ai_group_analyse
 .text          0x0000000000061068      0x198 obj/default/src/ai/dma/dma.o
                0x000000000006107c                DMA_init
                0x00000000000610ac                DMA_copy_to_ai
                0x0000000000061124                DMA_copy_to_swap
                0x0000000000061194                DMA_paste_from_swap
 .text          0x0000000000061200      0x238 obj/default/src/detect.o
                0x0000000000061200                selfcheck
                0x0000000000061224                get_word
 .text          0x0000000000061438      0x390 obj/default/src/disk/ai_fs.o
                0x0000000000061438                isProperFilesystem
                0x0000000000061480                Is_filesystem
                0x00000000000614c0                Prepare_file_system_list
                0x0000000000061510                File_exists
                0x0000000000061668                Read_file_system
 .text          0x00000000000617c8      0x200 obj/default/src/disk/disk.o
                0x00000000000617e0                q_start_cards
                0x00000000000618c0                load_disk
                0x000000000006190c                wait_for_disk
                0x0000000000061928                check_disk
                0x000000000006194c                init_disk
 .text          0x00000000000619c8      0x47c obj/default/src/main.o
                0x00000000000619c8                app
 .text          0x0000000000061e44      0x230 obj/default/src/microphone/microphone.o
                0x0000000000061f00                value_reducer
                0x0000000000061f38                MIC_getSample
                0x0000000000062008                MIC_start
                0x000000000006201c                MIC_stop
                0x000000000006202c                MIC_init
 .text          0x0000000000062074       0xf0 obj/default/src/microphone/queue.o
                0x0000000000062074                put_on_queue
                0x00000000000620d4                pick_from_queue
                0x0000000000062140                queue_init
 .text          0x0000000000062164      0x338 obj/default/src/microphone/recorder.o
                0x0000000000062164                Recorder_record
 .text          0x000000000006249c      0x470 obj/default/src/output/BLE/BLE.o
                0x00000000000625e0                Is_connected
                0x0000000000062630                BLE_send_data
                0x000000000006271c                BLE_read_data
                0x00000000000627e4                BLE_print_str
                0x0000000000062844                init_BLE
 .text          0x000000000006290c      0x320 obj/default/src/output/BLE/communication.o
                0x000000000006290c                parse_command
                0x00000000000629a4                BLE_add_word
                0x0000000000062a28                BLE_console
 .text          0x0000000000062c2c      0x280 obj/default/src/output/exception.o
                0x0000000000062c2c                startup_panic
                0x0000000000062ca4                panic
                0x0000000000062d60                wait_for_connection
                0x0000000000062ddc                wait_for_connection_recorder
 .text          0x0000000000062eac      0x2cc obj/default/src/output/gpio_distance.o
                0x0000000000062eac                gpio_start_distance_measure
                0x0000000000062ebc                gpio_button_status
                0x0000000000062ecc                gpio_button_buffered_status
                0x0000000000062f2c                gpio_distance_check
                0x0000000000062f3c                gpio_set_pin_irq
                0x0000000000062fb0                gpio_set_pin
                0x0000000000063010                gpio_flash_pin
                0x0000000000063068                gpio_pulse_pin
                0x00000000000630d4                gpio_stop_flash
                0x0000000000063118                person_detected
                0x000000000006312c                gpio_init
 .text          0x0000000000063178      0x22c obj/default/src/output/gpio_distance_measure.o
                0x0000000000063178                init_measurement
                0x0000000000063194                irq_distance_measurement
                0x000000000006326c                distance_measurement
                0x00000000000632f8                init_distance_measurement
                0x0000000000063304                in_proper_distance
 .text          0x00000000000633a4      0x2a8 obj/default/src/output/gpio_status_animations.o
                0x00000000000633a4                do_button
                0x0000000000063450                do_vbutton
                0x00000000000634c8                animate_pulse
                0x0000000000063540                animate_flash
                0x00000000000635d4                animate_gpio_status
 .text          0x000000000006364c      0x144 obj/default/src/processing/normalisation.o
                0x0000000000063664                Nor_normalizeSamples
                0x00000000000636f4                Nor_log_normalisation
                0x0000000000063760                Nor_init
 .text          0x0000000000063790      0x174 obj/default/src/processing/spectrogram.o
                0x00000000000637a0                Signal_spectrogram
                0x00000000000638d4                Signal_init
 .text          0x0000000000063904      0x130 obj/default/src/processing/utils/loud.o
                0x0000000000063904                selectLoud
 .text          0x0000000000063a34      0x190 obj/default/src/processing/utils/scalex.o
                0x0000000000063a34                Scale_scaleX
 .text          0x0000000000063bc4      0x1b8 obj/default/src/selfchecks.o
                0x0000000000063bc4                check_files
                0x0000000000063bcc                app_selfcheck
                0x0000000000063cc8                record_selfcheck
 .text          0x0000000000063d7c      0x230 obj/default/src/speaker/sound.o
                0x0000000000063d7c                playing
                0x0000000000063dd4                Speaker_play_music
                0x0000000000063e6c                Speaker_preload
                0x0000000000063ed4                start_speaker
                0x0000000000063ef0                say
 .text          0x0000000000063fac      0x120 obj/default/src/speaker/speaker.o
                0x0000000000063fc4                Speaker_read_first_half
                0x0000000000064018                Speaker_second_first_half
                0x0000000000064070                Speaker_wait_for_finish
                0x000000000006408c                Speaker_init
 .text          0x00000000000640cc       0x3c obj/default/src/utils/control_sum.o
                0x00000000000640cc                Control_count_sum
 .text          0x0000000000064108      0x200 obj/default/src/utils/datatypes.o
                0x0000000000064108                from64toChar
                0x0000000000064154                from64toBytes
                0x0000000000064228                read_16_value
                0x000000000006423c                read_32_value
                0x000000000006425c                is_empty_str
                0x0000000000064280                str_clr
                0x0000000000064298                str_cpy
                0x00000000000642d4                compare
 .text          0x0000000000064308      0x18c obj/default/src/utils/printnum.o
                0x0000000000064308                printnum
                0x00000000000643c4                snprintnum
 .text          0x0000000000064494        0xc obj/default/src/utils/reset.o
                0x0000000000064494                reset_processor
 .text          0x00000000000644a0      0x20c obj/default/src/utils/timer/timer.o
                0x0000000000064560                Timer_init
                0x00000000000645c0                Timer_reset
                0x0000000000064604                Timer_get_datetime
                0x0000000000064660                Timer_get_time
 .text          0x00000000000646ac      0x1b4 c:/intelfpga_lite/18.1/nios2eds/bin/gnu/h-x86_64-mingw32/bin/../lib/gcc/nios2-elf/5.3.0/mno-hw-mul\libgcc.a(lib2-divmod.o)
                0x00000000000646ac                __divsi3
                0x0000000000064730                __modsi3
                0x00000000000647a4                __udivsi3
                0x0000000000064808                __umodsi3
 .text          0x0000000000064860       0x28 c:/intelfpga_lite/18.1/nios2eds/bin/gnu/h-x86_64-mingw32/bin/../lib/gcc/nios2-elf/5.3.0/mno-hw-mul\libgcc.a(lib2-mul.o)
                0x0000000000064860                __mulsi3
 .text          0x0000000000064888        0x0 c:/intelfpga_lite/18.1/nios2eds/bin/gnu/h-x86_64-mingw32/bin/../lib/gcc/nios2-elf/5.3.0/../../../../../H-x86_64-mingw32/nios2-elf/lib/mno-hw-mul\libsmallc.a(lib_a-memcpy.o)
 .text.memcpy   0x0000000000064888       0x28 c:/intelfpga_lite/18.1/nios2eds/bin/gnu/h-x86_64-mingw32/bin/../lib/gcc/nios2-elf/5.3.0/../../../../../H-x86_64-mingw32/nios2-elf/lib/mno-hw-mul\libsmallc.a(lib_a-memcpy.o)
                0x0000000000064888                memcpy
 .text          0x00000000000648b0       0x8c ../DebugAI_Speech1_bsp/\libhal_bsp.a(alt_iic.o)
                0x00000000000648b0                alt_ic_isr_register
                0x00000000000648b4                alt_ic_irq_enable
                0x00000000000648ec                alt_ic_irq_disable
                0x0000000000064924                alt_ic_irq_enabled
 .text          0x000000000006493c       0x68 ../DebugAI_Speech1_bsp/\libhal_bsp.a(alt_iic_isr_register.o)
                0x000000000006493c                alt_iic_isr_register
 .text          0x00000000000649a4        0x0 ../DebugAI_Speech1_bsp/\libhal_bsp.a(alt_irq_entry.o)
 .text          0x00000000000649a4        0x0 ../DebugAI_Speech1_bsp/\libhal_bsp.a(alt_irq_handler.o)
 .text          0x00000000000649a4        0x0 ../DebugAI_Speech1_bsp/\libhal_bsp.a(alt_irq_vars.o)
 .text          0x00000000000649a4       0xe0 ../DebugAI_Speech1_bsp/\libhal_bsp.a(alt_load.o)
                0x00000000000649a4                alt_load
 .text          0x0000000000064a84       0x2c ../DebugAI_Speech1_bsp/\libhal_bsp.a(alt_main.o)
                0x0000000000064a84                alt_main
 .text          0x0000000000064ab0      0x170 ../DebugAI_Speech1_bsp/\libhal_bsp.a(alt_printf.o)
                0x0000000000064ab0                alt_printf
 .text          0x0000000000064c20       0x48 ../DebugAI_Speech1_bsp/\libhal_bsp.a(alt_putchar.o)
                0x0000000000064c20                alt_putchar
 .text          0x0000000000064c68       0x24 ../DebugAI_Speech1_bsp/\libhal_bsp.a(alt_sys_init.o)
                0x0000000000064c68                alt_irq_init
                0x0000000000064c88                alt_sys_init
 .text          0x0000000000064c8c       0x34 ../DebugAI_Speech1_bsp/\libhal_bsp.a(altera_avalon_jtag_uart_write.o)
                0x0000000000064c8c                altera_avalon_jtag_uart_write
 .text          0x0000000000064cc0        0x4 ../DebugAI_Speech1_bsp/\libhal_bsp.a(alt_dcache_flush_all.o)
                0x0000000000064cc0                alt_dcache_flush_all
 .text          0x0000000000064cc4        0x0 ../DebugAI_Speech1_bsp/\libhal_bsp.a(alt_exception_entry.o)
 .text          0x0000000000064cc4        0x4 ../DebugAI_Speech1_bsp/\libhal_bsp.a(alt_icache_flush_all.o)
                0x0000000000064cc4                alt_icache_flush_all
 .text          0x0000000000064cc8       0x74 ../DebugAI_Speech1_bsp/\libhal_bsp.a(alt_instruction_exception_entry.o)
                0x0000000000064cc8                alt_exception_cause_generated_bad_addr
 .text          0x0000000000064d3c        0x8 ../DebugAI_Speech1_bsp/\libhal_bsp.a(altera_nios2_gen2_irq.o)
                0x0000000000064d3c                altera_nios2_gen2_irq_init
 *(.gnu.warning.*)
 *(.fini)
                [!provide]                        PROVIDE (__etext, ABSOLUTE (.))
                [!provide]                        PROVIDE (_etext, ABSOLUTE (.))
                [!provide]                        PROVIDE (etext, ABSOLUTE (.))
 *(.eh_frame_hdr)
                0x0000000000064d44                . = ALIGN (0x4)
                [!provide]                        PROVIDE (__preinit_array_start, ABSOLUTE (.))
 *(.preinit_array)
                [!provide]                        PROVIDE (__preinit_array_end, ABSOLUTE (.))
                [!provide]                        PROVIDE (__init_array_start, ABSOLUTE (.))
 *(.init_array)
                [!provide]                        PROVIDE (__init_array_end, ABSOLUTE (.))
                [!provide]                        PROVIDE (__fini_array_start, ABSOLUTE (.))
 *(.fini_array)
                [!provide]                        PROVIDE (__fini_array_end, ABSOLUTE (.))
 *(.eh_frame)
 *(.gcc_except_table .gcc_except_table.*)
 *(.dynamic)
                [!provide]                        PROVIDE (__CTOR_LIST__, ABSOLUTE (.))
 *(.ctors)
 *(SORT(.ctors.*))
                [!provide]                        PROVIDE (__CTOR_END__, ABSOLUTE (.))
                [!provide]                        PROVIDE (__DTOR_LIST__, ABSOLUTE (.))
 *(.dtors)
 *(SORT(.dtors.*))
                [!provide]                        PROVIDE (__DTOR_END__, ABSOLUTE (.))
 *(.jcr)
                0x0000000000064d44                . = ALIGN (0x4)

.rodata         0x0000000000064d44      0x230
                0x0000000000064d44                PROVIDE (__ram_rodata_start, ABSOLUTE (.))
                0x0000000000064d44                . = ALIGN (0x4)
 *(.rodata .rodata.* .gnu.linkonce.r.*)
 .rodata.str1.4
                0x0000000000064d44       0x2f obj/default/src/ai/ai_db.o
 *fill*         0x0000000000064d73        0x1 
 .rodata.str1.4
                0x0000000000064d74       0x4a obj/default/src/ai/ai_group.o
 *fill*         0x0000000000064dbe        0x2 
 .rodata.str1.4
                0x0000000000064dc0       0x7e obj/default/src/detect.o
                                         0x86 (size before relaxing)
 *fill*         0x0000000000064e3e        0x2 
 .rodata.str1.4
                0x0000000000064e40       0x11 obj/default/src/disk/ai_fs.o
 *fill*         0x0000000000064e51        0x3 
 .rodata.str1.4
                0x0000000000064e54        0x5 obj/default/src/disk/disk.o
 *fill*         0x0000000000064e59        0x3 
 .rodata.str1.4
                0x0000000000064e5c       0x32 obj/default/src/main.o
 *fill*         0x0000000000064e8e        0x2 
 .rodata        0x0000000000064e90       0x28 obj/default/src/output/BLE/BLE.o
 .rodata.str1.4
                0x0000000000064eb8       0x52 obj/default/src/output/BLE/communication.o
 *fill*         0x0000000000064f0a        0x2 
 .rodata.str1.4
                0x0000000000064f0c       0x3a obj/default/src/output/exception.o
 *fill*         0x0000000000064f46        0x2 
 .rodata.str1.4
                0x0000000000064f48       0x25 obj/default/src/processing/spectrogram.o
                                         0x2d (size before relaxing)
 *fill*         0x0000000000064f6d        0x3 
 .rodata.str1.4
                0x0000000000064f70        0x4 obj/default/src/utils/printnum.o
                                          0x3 (size before relaxing)
 *(.rodata1)
                0x0000000000064f74                . = ALIGN (0x4)
                0x0000000000064f74                PROVIDE (__ram_rodata_end, ABSOLUTE (.))
                0x0000000000064d44                PROVIDE (__flash_rodata_start, LOADADDR (.rodata))

.rwdata         0x0000000000064f74        0xc load address 0x0000000000064f80
                0x0000000000064f74                PROVIDE (__ram_rwdata_start, ABSOLUTE (.))
                0x0000000000064f74                . = ALIGN (0x4)
 *(.got.plt)
 *(.got)
 *(.data1)
 *(.data .data.* .gnu.linkonce.d.*)
 .data          0x0000000000064f74        0x0 ../DebugAI_Speech1_bsp//obj/HAL/src/crt0.o
 .data          0x0000000000064f74        0x0 obj/default/hello_world_small.o
 .data          0x0000000000064f74        0x0 obj/default/src/ai/ai.o
 .data          0x0000000000064f74        0x0 obj/default/src/ai/ai_db.o
 .data          0x0000000000064f74        0x0 obj/default/src/ai/ai_group.o
 .data          0x0000000000064f74        0x0 obj/default/src/ai/dma/dma.o
 .data          0x0000000000064f74        0x0 obj/default/src/detect.o
 .data          0x0000000000064f74        0x0 obj/default/src/disk/ai_fs.o
 .data          0x0000000000064f74        0x0 obj/default/src/disk/disk.o
 .data          0x0000000000064f74        0x0 obj/default/src/main.o
 .data          0x0000000000064f74        0x0 obj/default/src/microphone/microphone.o
 .data          0x0000000000064f74        0x0 obj/default/src/microphone/queue.o
 .data          0x0000000000064f74        0x0 obj/default/src/microphone/recorder.o
 .data          0x0000000000064f74        0x0 obj/default/src/output/BLE/BLE.o
 .data          0x0000000000064f74        0x0 obj/default/src/output/BLE/communication.o
 .data          0x0000000000064f74        0x0 obj/default/src/output/exception.o
 .data          0x0000000000064f74        0x0 obj/default/src/output/gpio_distance.o
 .data          0x0000000000064f74        0x0 obj/default/src/output/gpio_distance_measure.o
 .data          0x0000000000064f74        0x0 obj/default/src/output/gpio_status_animations.o
 .data          0x0000000000064f74        0x0 obj/default/src/processing/normalisation.o
 .data          0x0000000000064f74        0x0 obj/default/src/processing/spectrogram.o
 .data          0x0000000000064f74        0x0 obj/default/src/processing/utils/loud.o
 .data          0x0000000000064f74        0x0 obj/default/src/processing/utils/scalex.o
 .data          0x0000000000064f74        0x0 obj/default/src/selfchecks.o
 .data          0x0000000000064f74        0x0 obj/default/src/speaker/sound.o
 .data          0x0000000000064f74        0x0 obj/default/src/speaker/speaker.o
 .data          0x0000000000064f74        0x0 obj/default/src/utils/control_sum.o
 .data          0x0000000000064f74        0x0 obj/default/src/utils/datatypes.o
 .data          0x0000000000064f74        0x0 obj/default/src/utils/printnum.o
 .data          0x0000000000064f74        0x0 obj/default/src/utils/reset.o
 .data          0x0000000000064f74        0x0 obj/default/src/utils/timer/timer.o
 .data          0x0000000000064f74        0x0 c:/intelfpga_lite/18.1/nios2eds/bin/gnu/h-x86_64-mingw32/bin/../lib/gcc/nios2-elf/5.3.0/mno-hw-mul\libgcc.a(lib2-divmod.o)
 .data          0x0000000000064f74        0x0 c:/intelfpga_lite/18.1/nios2eds/bin/gnu/h-x86_64-mingw32/bin/../lib/gcc/nios2-elf/5.3.0/mno-hw-mul\libgcc.a(lib2-mul.o)
 .data          0x0000000000064f74        0x0 c:/intelfpga_lite/18.1/nios2eds/bin/gnu/h-x86_64-mingw32/bin/../lib/gcc/nios2-elf/5.3.0/../../../../../H-x86_64-mingw32/nios2-elf/lib/mno-hw-mul\libsmallc.a(lib_a-memcpy.o)
 .data          0x0000000000064f74        0x0 ../DebugAI_Speech1_bsp/\libhal_bsp.a(alt_iic.o)
 .data          0x0000000000064f74        0x0 ../DebugAI_Speech1_bsp/\libhal_bsp.a(alt_iic_isr_register.o)
 .data          0x0000000000064f74        0x0 ../DebugAI_Speech1_bsp/\libhal_bsp.a(alt_irq_entry.o)
 .data          0x0000000000064f74        0x0 ../DebugAI_Speech1_bsp/\libhal_bsp.a(alt_irq_handler.o)
 .data          0x0000000000064f74        0x0 ../DebugAI_Speech1_bsp/\libhal_bsp.a(alt_irq_vars.o)
 .data          0x0000000000064f74        0x0 ../DebugAI_Speech1_bsp/\libhal_bsp.a(alt_load.o)
 .data          0x0000000000064f74        0x0 ../DebugAI_Speech1_bsp/\libhal_bsp.a(alt_main.o)
 .data          0x0000000000064f74        0x0 ../DebugAI_Speech1_bsp/\libhal_bsp.a(alt_printf.o)
 .data          0x0000000000064f74        0x0 ../DebugAI_Speech1_bsp/\libhal_bsp.a(alt_putchar.o)
 .data          0x0000000000064f74        0x0 ../DebugAI_Speech1_bsp/\libhal_bsp.a(alt_sys_init.o)
 .data          0x0000000000064f74        0x0 ../DebugAI_Speech1_bsp/\libhal_bsp.a(altera_avalon_jtag_uart_write.o)
 .data          0x0000000000064f74        0x0 ../DebugAI_Speech1_bsp/\libhal_bsp.a(alt_dcache_flush_all.o)
 .data          0x0000000000064f74        0x0 ../DebugAI_Speech1_bsp/\libhal_bsp.a(alt_exception_entry.o)
 .data          0x0000000000064f74        0x0 ../DebugAI_Speech1_bsp/\libhal_bsp.a(alt_icache_flush_all.o)
 .data          0x0000000000064f74        0x0 ../DebugAI_Speech1_bsp/\libhal_bsp.a(alt_instruction_exception_entry.o)
 .data          0x0000000000064f74        0x0 ../DebugAI_Speech1_bsp/\libhal_bsp.a(altera_nios2_gen2_irq.o)
                0x000000000006cf74                _gp = ABSOLUTE ((. + 0x8000))
                [!provide]                        PROVIDE (gp, _gp)
 *(.rwdata .rwdata.*)
 *(.sdata .sdata.* .gnu.linkonce.s.*)
 .sdata         0x0000000000064f74        0x4 obj/default/hello_world_small.o
                0x0000000000064f74                swap
 .sdata         0x0000000000064f78        0x4 ../DebugAI_Speech1_bsp/\libhal_bsp.a(alt_irq_vars.o)
                0x0000000000064f78                alt_priority_mask
 .sdata         0x0000000000064f7c        0x4 ../DebugAI_Speech1_bsp/\libhal_bsp.a(alt_sys_init.o)
                0x0000000000064f7c                JUART
 *(.sdata2 .sdata2.* .gnu.linkonce.s2.*)
                0x0000000000064f80                . = ALIGN (0x4)
                0x0000000000064f80                _edata = ABSOLUTE (.)
                [!provide]                        PROVIDE (edata, ABSOLUTE (.))
                0x0000000000064f80                PROVIDE (__ram_rwdata_end, ABSOLUTE (.))
                0x0000000000064f80                PROVIDE (__flash_rwdata_start, LOADADDR (.rwdata))

.bss            0x0000000000064f8c     0xbcb4
                0x0000000000064f8c                __bss_start = ABSOLUTE (.)
                [!provide]                        PROVIDE (__sbss_start, ABSOLUTE (.))
                [!provide]                        PROVIDE (___sbss_start, ABSOLUTE (.))
 *(.dynsbss)
 *(.sbss .sbss.* .gnu.linkonce.sb.*)
 .sbss          0x0000000000064f8c        0x4 obj/default/src/ai/dma/dma.o
                0x0000000000064f8c                dma_flag
 .sbss          0x0000000000064f90        0x4 obj/default/src/disk/disk.o
                0x0000000000064f90                audio_flag
 .sbss          0x0000000000064f94        0x4 obj/default/src/processing/normalisation.o
                0x0000000000064f94                nor_flag
 .sbss          0x0000000000064f98        0x4 obj/default/src/processing/spectrogram.o
                0x0000000000064f98                sig_flag
 .sbss          0x0000000000064f9c        0x4 obj/default/src/utils/timer/timer.o
                0x0000000000064f9c                timess
 .sbss          0x0000000000064fa0        0x4 ../DebugAI_Speech1_bsp/\libhal_bsp.a(alt_irq_vars.o)
                0x0000000000064fa0                alt_irq_active
 .sbss          0x0000000000064fa4        0xc ../DebugAI_Speech1_bsp/\libhal_bsp.a(alt_main.o)
                0x0000000000064fa4                alt_envp
                0x0000000000064fa8                alt_argv
                0x0000000000064fac                alt_argc
 .sbss          0x0000000000064fb0        0x4 ../DebugAI_Speech1_bsp/\libhal_bsp.a(alt_instruction_exception_entry.o)
                0x0000000000064fb0                alt_instruction_exception_handler
 *(.sbss2 .sbss2.* .gnu.linkonce.sb2.*)
 *(.scommon)
                [!provide]                        PROVIDE (__sbss_end, ABSOLUTE (.))
                [!provide]                        PROVIDE (___sbss_end, ABSOLUTE (.))
 *(.dynbss)
 *(.bss .bss.* .gnu.linkonce.b.*)
 .bss           0x0000000000064fb4        0x0 ../DebugAI_Speech1_bsp//obj/HAL/src/crt0.o
 .bss           0x0000000000064fb4        0x0 obj/default/hello_world_small.o
 .bss           0x0000000000064fb4        0x0 obj/default/src/ai/ai.o
 .bss           0x0000000000064fb4        0x0 obj/default/src/ai/ai_db.o
 .bss           0x0000000000064fb4        0x0 obj/default/src/ai/ai_group.o
 .bss           0x0000000000064fb4        0x0 obj/default/src/ai/dma/dma.o
 .bss           0x0000000000064fb4        0x0 obj/default/src/detect.o
 .bss           0x0000000000064fb4        0x0 obj/default/src/disk/ai_fs.o
 .bss           0x0000000000064fb4        0x0 obj/default/src/disk/disk.o
 .bss           0x0000000000064fb4        0x0 obj/default/src/main.o
 .bss           0x0000000000064fb4        0x0 obj/default/src/microphone/microphone.o
 .bss           0x0000000000064fb4        0x0 obj/default/src/microphone/queue.o
 .bss           0x0000000000064fb4        0x0 obj/default/src/microphone/recorder.o
 .bss           0x0000000000064fb4        0x0 obj/default/src/output/BLE/BLE.o
 .bss           0x0000000000064fb4        0x0 obj/default/src/output/BLE/communication.o
 .bss           0x0000000000064fb4        0x0 obj/default/src/output/exception.o
 .bss           0x0000000000064fb4        0x0 obj/default/src/output/gpio_distance.o
 .bss           0x0000000000064fb4        0x0 obj/default/src/output/gpio_distance_measure.o
 .bss           0x0000000000064fb4        0x0 obj/default/src/output/gpio_status_animations.o
 .bss           0x0000000000064fb4        0x0 obj/default/src/processing/normalisation.o
 .bss           0x0000000000064fb4        0x0 obj/default/src/processing/spectrogram.o
 .bss           0x0000000000064fb4        0x0 obj/default/src/processing/utils/loud.o
 .bss           0x0000000000064fb4        0x0 obj/default/src/processing/utils/scalex.o
 .bss           0x0000000000064fb4        0x0 obj/default/src/selfchecks.o
 .bss           0x0000000000064fb4        0x0 obj/default/src/speaker/sound.o
 .bss           0x0000000000064fb4        0x0 obj/default/src/speaker/speaker.o
 .bss           0x0000000000064fb4        0x0 obj/default/src/utils/control_sum.o
 .bss           0x0000000000064fb4        0x0 obj/default/src/utils/datatypes.o
 .bss           0x0000000000064fb4        0x0 obj/default/src/utils/printnum.o
 .bss           0x0000000000064fb4        0x0 obj/default/src/utils/reset.o
 .bss           0x0000000000064fb4        0x0 obj/default/src/utils/timer/timer.o
 .bss           0x0000000000064fb4        0x0 c:/intelfpga_lite/18.1/nios2eds/bin/gnu/h-x86_64-mingw32/bin/../lib/gcc/nios2-elf/5.3.0/mno-hw-mul\libgcc.a(lib2-divmod.o)
 .bss           0x0000000000064fb4        0x0 c:/intelfpga_lite/18.1/nios2eds/bin/gnu/h-x86_64-mingw32/bin/../lib/gcc/nios2-elf/5.3.0/mno-hw-mul\libgcc.a(lib2-mul.o)
 .bss           0x0000000000064fb4        0x0 c:/intelfpga_lite/18.1/nios2eds/bin/gnu/h-x86_64-mingw32/bin/../lib/gcc/nios2-elf/5.3.0/../../../../../H-x86_64-mingw32/nios2-elf/lib/mno-hw-mul\libsmallc.a(lib_a-memcpy.o)
 .bss           0x0000000000064fb4        0x0 ../DebugAI_Speech1_bsp/\libhal_bsp.a(alt_iic.o)
 .bss           0x0000000000064fb4        0x0 ../DebugAI_Speech1_bsp/\libhal_bsp.a(alt_iic_isr_register.o)
 .bss           0x0000000000064fb4        0x0 ../DebugAI_Speech1_bsp/\libhal_bsp.a(alt_irq_entry.o)
 .bss           0x0000000000064fb4        0x0 ../DebugAI_Speech1_bsp/\libhal_bsp.a(alt_irq_handler.o)
 .bss           0x0000000000064fb4        0x0 ../DebugAI_Speech1_bsp/\libhal_bsp.a(alt_irq_vars.o)
 .bss           0x0000000000064fb4        0x0 ../DebugAI_Speech1_bsp/\libhal_bsp.a(alt_load.o)
 .bss           0x0000000000064fb4        0x0 ../DebugAI_Speech1_bsp/\libhal_bsp.a(alt_main.o)
 .bss           0x0000000000064fb4        0x0 ../DebugAI_Speech1_bsp/\libhal_bsp.a(alt_printf.o)
 .bss           0x0000000000064fb4        0x0 ../DebugAI_Speech1_bsp/\libhal_bsp.a(alt_putchar.o)
 .bss           0x0000000000064fb4        0x0 ../DebugAI_Speech1_bsp/\libhal_bsp.a(alt_sys_init.o)
 .bss           0x0000000000064fb4        0x0 ../DebugAI_Speech1_bsp/\libhal_bsp.a(altera_avalon_jtag_uart_write.o)
 .bss           0x0000000000064fb4        0x0 ../DebugAI_Speech1_bsp/\libhal_bsp.a(alt_dcache_flush_all.o)
 .bss           0x0000000000064fb4        0x0 ../DebugAI_Speech1_bsp/\libhal_bsp.a(alt_exception_entry.o)
 .bss           0x0000000000064fb4        0x0 ../DebugAI_Speech1_bsp/\libhal_bsp.a(alt_icache_flush_all.o)
 .bss           0x0000000000064fb4        0x0 ../DebugAI_Speech1_bsp/\libhal_bsp.a(alt_instruction_exception_entry.o)
 .bss           0x0000000000064fb4        0x0 ../DebugAI_Speech1_bsp/\libhal_bsp.a(altera_nios2_gen2_irq.o)
 *(COMMON)
 COMMON         0x0000000000064fb4     0xbb80 obj/default/hello_world_small.o
                0x0000000000064fb4                table
 COMMON         0x0000000000070b34        0xc obj/default/src/microphone/microphone.o
                0x0000000000070b34                queue
 COMMON         0x0000000000070b40      0x100 ../DebugAI_Speech1_bsp/\libhal_bsp.a(alt_irq_handler.o)
                0x0000000000070b40                alt_irq
                0x0000000000070c40                . = ALIGN (0x4)
                0x0000000000070c40                __bss_end = ABSOLUTE (.)

.SysRAM         0x0000000000070c40        0x0
                [!provide]                        PROVIDE (_alt_partition_SysRAM_start, ABSOLUTE (.))
 *(.SysRAM .SysRAM. SysRAM.*)
                0x0000000000070c40                . = ALIGN (0x4)
                [!provide]                        PROVIDE (_alt_partition_SysRAM_end, ABSOLUTE (.))
                0x0000000000070c40                _end = ABSOLUTE (.)
                0x0000000000070c40                end = ABSOLUTE (.)
                0x0000000000070c40                __alt_stack_base = ABSOLUTE (.)
                [!provide]                        PROVIDE (_alt_partition_SysRAM_load_addr, LOADADDR (.SysRAM))

.stab
 *(.stab)

.stabstr
 *(.stabstr)

.stab.excl
 *(.stab.excl)

.stab.exclstr
 *(.stab.exclstr)

.stab.index
 *(.stab.index)

.stab.indexstr
 *(.stab.indexstr)

.comment        0x0000000000000000       0x23
 *(.comment)
 .comment       0x0000000000000000       0x23 obj/default/hello_world_small.o
                                         0x24 (size before relaxing)
 .comment       0x0000000000000023       0x24 obj/default/src/ai/ai.o
 .comment       0x0000000000000023       0x24 obj/default/src/ai/ai_db.o
 .comment       0x0000000000000023       0x24 obj/default/src/ai/ai_group.o
 .comment       0x0000000000000023       0x24 obj/default/src/ai/dma/dma.o
 .comment       0x0000000000000023       0x24 obj/default/src/detect.o
 .comment       0x0000000000000023       0x24 obj/default/src/disk/ai_fs.o
 .comment       0x0000000000000023       0x24 obj/default/src/disk/disk.o
 .comment       0x0000000000000023       0x24 obj/default/src/main.o
 .comment       0x0000000000000023       0x24 obj/default/src/microphone/microphone.o
 .comment       0x0000000000000023       0x24 obj/default/src/microphone/queue.o
 .comment       0x0000000000000023       0x24 obj/default/src/microphone/recorder.o
 .comment       0x0000000000000023       0x24 obj/default/src/output/BLE/BLE.o
 .comment       0x0000000000000023       0x24 obj/default/src/output/BLE/communication.o
 .comment       0x0000000000000023       0x24 obj/default/src/output/exception.o
 .comment       0x0000000000000023       0x24 obj/default/src/output/gpio_distance.o
 .comment       0x0000000000000023       0x24 obj/default/src/output/gpio_distance_measure.o
 .comment       0x0000000000000023       0x24 obj/default/src/output/gpio_status_animations.o
 .comment       0x0000000000000023       0x24 obj/default/src/processing/normalisation.o
 .comment       0x0000000000000023       0x24 obj/default/src/processing/spectrogram.o
 .comment       0x0000000000000023       0x24 obj/default/src/processing/utils/loud.o
 .comment       0x0000000000000023       0x24 obj/default/src/processing/utils/scalex.o
 .comment       0x0000000000000023       0x24 obj/default/src/selfchecks.o
 .comment       0x0000000000000023       0x24 obj/default/src/speaker/sound.o
 .comment       0x0000000000000023       0x24 obj/default/src/speaker/speaker.o
 .comment       0x0000000000000023       0x24 obj/default/src/utils/control_sum.o
 .comment       0x0000000000000023       0x24 obj/default/src/utils/datatypes.o
 .comment       0x0000000000000023       0x24 obj/default/src/utils/printnum.o
 .comment       0x0000000000000023       0x24 obj/default/src/utils/reset.o
 .comment       0x0000000000000023       0x24 obj/default/src/utils/timer/timer.o
 .comment       0x0000000000000023       0x24 c:/intelfpga_lite/18.1/nios2eds/bin/gnu/h-x86_64-mingw32/bin/../lib/gcc/nios2-elf/5.3.0/mno-hw-mul\libgcc.a(lib2-divmod.o)
 .comment       0x0000000000000023       0x24 c:/intelfpga_lite/18.1/nios2eds/bin/gnu/h-x86_64-mingw32/bin/../lib/gcc/nios2-elf/5.3.0/mno-hw-mul\libgcc.a(lib2-mul.o)
 .comment       0x0000000000000023       0x24 c:/intelfpga_lite/18.1/nios2eds/bin/gnu/h-x86_64-mingw32/bin/../lib/gcc/nios2-elf/5.3.0/../../../../../H-x86_64-mingw32/nios2-elf/lib/mno-hw-mul\libsmallc.a(lib_a-memcpy.o)
 .comment       0x0000000000000023       0x24 ../DebugAI_Speech1_bsp/\libhal_bsp.a(alt_iic.o)
 .comment       0x0000000000000023       0x24 ../DebugAI_Speech1_bsp/\libhal_bsp.a(alt_iic_isr_register.o)
 .comment       0x0000000000000023       0x24 ../DebugAI_Speech1_bsp/\libhal_bsp.a(alt_irq_handler.o)
 .comment       0x0000000000000023       0x24 ../DebugAI_Speech1_bsp/\libhal_bsp.a(alt_irq_vars.o)
 .comment       0x0000000000000023       0x24 ../DebugAI_Speech1_bsp/\libhal_bsp.a(alt_load.o)
 .comment       0x0000000000000023       0x24 ../DebugAI_Speech1_bsp/\libhal_bsp.a(alt_main.o)
 .comment       0x0000000000000023       0x24 ../DebugAI_Speech1_bsp/\libhal_bsp.a(alt_printf.o)
 .comment       0x0000000000000023       0x24 ../DebugAI_Speech1_bsp/\libhal_bsp.a(alt_putchar.o)
 .comment       0x0000000000000023       0x24 ../DebugAI_Speech1_bsp/\libhal_bsp.a(alt_sys_init.o)
 .comment       0x0000000000000023       0x24 ../DebugAI_Speech1_bsp/\libhal_bsp.a(altera_avalon_jtag_uart_write.o)
 .comment       0x0000000000000023       0x24 ../DebugAI_Speech1_bsp/\libhal_bsp.a(alt_dcache_flush_all.o)
 .comment       0x0000000000000023       0x24 ../DebugAI_Speech1_bsp/\libhal_bsp.a(alt_icache_flush_all.o)
 .comment       0x0000000000000023       0x24 ../DebugAI_Speech1_bsp/\libhal_bsp.a(alt_instruction_exception_entry.o)
 .comment       0x0000000000000023       0x24 ../DebugAI_Speech1_bsp/\libhal_bsp.a(altera_nios2_gen2_irq.o)

.debug
 *(.debug)

.line
 *(.line)

.debug_srcinfo
 *(.debug_srcinfo)

.debug_sfnames
 *(.debug_sfnames)

.debug_aranges  0x0000000000000000      0x670
 *(.debug_aranges)
 .debug_aranges
                0x0000000000000000       0x28 ../DebugAI_Speech1_bsp//obj/HAL/src/crt0.o
 .debug_aranges
                0x0000000000000028       0x20 obj/default/hello_world_small.o
 .debug_aranges
                0x0000000000000048       0x20 obj/default/src/ai/ai.o
 .debug_aranges
                0x0000000000000068       0x20 obj/default/src/ai/ai_db.o
 .debug_aranges
                0x0000000000000088       0x20 obj/default/src/ai/ai_group.o
 .debug_aranges
                0x00000000000000a8       0x20 obj/default/src/ai/dma/dma.o
 .debug_aranges
                0x00000000000000c8       0x20 obj/default/src/detect.o
 .debug_aranges
                0x00000000000000e8       0x20 obj/default/src/disk/ai_fs.o
 .debug_aranges
                0x0000000000000108       0x20 obj/default/src/disk/disk.o
 .debug_aranges
                0x0000000000000128       0x20 obj/default/src/main.o
 .debug_aranges
                0x0000000000000148       0x20 obj/default/src/microphone/microphone.o
 .debug_aranges
                0x0000000000000168       0x20 obj/default/src/microphone/queue.o
 .debug_aranges
                0x0000000000000188       0x20 obj/default/src/microphone/recorder.o
 .debug_aranges
                0x00000000000001a8       0x20 obj/default/src/output/BLE/BLE.o
 .debug_aranges
                0x00000000000001c8       0x20 obj/default/src/output/BLE/communication.o
 .debug_aranges
                0x00000000000001e8       0x20 obj/default/src/output/exception.o
 .debug_aranges
                0x0000000000000208       0x20 obj/default/src/output/gpio_distance.o
 .debug_aranges
                0x0000000000000228       0x20 obj/default/src/output/gpio_distance_measure.o
 .debug_aranges
                0x0000000000000248       0x20 obj/default/src/output/gpio_status_animations.o
 .debug_aranges
                0x0000000000000268       0x20 obj/default/src/processing/normalisation.o
 .debug_aranges
                0x0000000000000288       0x20 obj/default/src/processing/spectrogram.o
 .debug_aranges
                0x00000000000002a8       0x20 obj/default/src/processing/utils/loud.o
 .debug_aranges
                0x00000000000002c8       0x20 obj/default/src/processing/utils/scalex.o
 .debug_aranges
                0x00000000000002e8       0x20 obj/default/src/selfchecks.o
 .debug_aranges
                0x0000000000000308       0x20 obj/default/src/speaker/sound.o
 .debug_aranges
                0x0000000000000328       0x20 obj/default/src/speaker/speaker.o
 .debug_aranges
                0x0000000000000348       0x20 obj/default/src/utils/control_sum.o
 .debug_aranges
                0x0000000000000368       0x20 obj/default/src/utils/datatypes.o
 .debug_aranges
                0x0000000000000388       0x20 obj/default/src/utils/printnum.o
 .debug_aranges
                0x00000000000003a8       0x20 obj/default/src/utils/reset.o
 .debug_aranges
                0x00000000000003c8       0x20 obj/default/src/utils/timer/timer.o
 .debug_aranges
                0x00000000000003e8       0x20 c:/intelfpga_lite/18.1/nios2eds/bin/gnu/h-x86_64-mingw32/bin/../lib/gcc/nios2-elf/5.3.0/mno-hw-mul\libgcc.a(lib2-divmod.o)
 .debug_aranges
                0x0000000000000408       0x20 c:/intelfpga_lite/18.1/nios2eds/bin/gnu/h-x86_64-mingw32/bin/../lib/gcc/nios2-elf/5.3.0/mno-hw-mul\libgcc.a(lib2-mul.o)
 .debug_aranges
                0x0000000000000428       0x20 c:/intelfpga_lite/18.1/nios2eds/bin/gnu/h-x86_64-mingw32/bin/../lib/gcc/nios2-elf/5.3.0/../../../../../H-x86_64-mingw32/nios2-elf/lib/mno-hw-mul\libsmallc.a(lib_a-memcpy.o)
 .debug_aranges
                0x0000000000000448       0x20 ../DebugAI_Speech1_bsp/\libhal_bsp.a(alt_iic.o)
 .debug_aranges
                0x0000000000000468       0x20 ../DebugAI_Speech1_bsp/\libhal_bsp.a(alt_iic_isr_register.o)
 .debug_aranges
                0x0000000000000488       0x30 ../DebugAI_Speech1_bsp/\libhal_bsp.a(alt_irq_entry.o)
 .debug_aranges
                0x00000000000004b8       0x20 ../DebugAI_Speech1_bsp/\libhal_bsp.a(alt_irq_handler.o)
 .debug_aranges
                0x00000000000004d8       0x18 ../DebugAI_Speech1_bsp/\libhal_bsp.a(alt_irq_vars.o)
 .debug_aranges
                0x00000000000004f0       0x20 ../DebugAI_Speech1_bsp/\libhal_bsp.a(alt_load.o)
 .debug_aranges
                0x0000000000000510       0x20 ../DebugAI_Speech1_bsp/\libhal_bsp.a(alt_main.o)
 .debug_aranges
                0x0000000000000530       0x20 ../DebugAI_Speech1_bsp/\libhal_bsp.a(alt_printf.o)
 .debug_aranges
                0x0000000000000550       0x20 ../DebugAI_Speech1_bsp/\libhal_bsp.a(alt_putchar.o)
 .debug_aranges
                0x0000000000000570       0x20 ../DebugAI_Speech1_bsp/\libhal_bsp.a(alt_sys_init.o)
 .debug_aranges
                0x0000000000000590       0x20 ../DebugAI_Speech1_bsp/\libhal_bsp.a(altera_avalon_jtag_uart_write.o)
 .debug_aranges
                0x00000000000005b0       0x20 ../DebugAI_Speech1_bsp/\libhal_bsp.a(alt_dcache_flush_all.o)
 .debug_aranges
                0x00000000000005d0       0x38 ../DebugAI_Speech1_bsp/\libhal_bsp.a(alt_exception_entry.o)
 .debug_aranges
                0x0000000000000608       0x20 ../DebugAI_Speech1_bsp/\libhal_bsp.a(alt_icache_flush_all.o)
 .debug_aranges
                0x0000000000000628       0x28 ../DebugAI_Speech1_bsp/\libhal_bsp.a(alt_instruction_exception_entry.o)
 .debug_aranges
                0x0000000000000650       0x20 ../DebugAI_Speech1_bsp/\libhal_bsp.a(altera_nios2_gen2_irq.o)

.debug_pubnames
 *(.debug_pubnames)

.debug_info     0x0000000000000000    0x10c6d
 *(.debug_info .gnu.linkonce.wi.*)
 .debug_info    0x0000000000000000       0x6a ../DebugAI_Speech1_bsp//obj/HAL/src/crt0.o
 .debug_info    0x000000000000006a      0xe0c obj/default/hello_world_small.o
 .debug_info    0x0000000000000e76      0x7b8 obj/default/src/ai/ai.o
 .debug_info    0x000000000000162e     0x12a9 obj/default/src/ai/ai_db.o
 .debug_info    0x00000000000028d7     0x13cc obj/default/src/ai/ai_group.o
 .debug_info    0x0000000000003ca3      0x344 obj/default/src/ai/dma/dma.o
 .debug_info    0x0000000000003fe7      0xe88 obj/default/src/detect.o
 .debug_info    0x0000000000004e6f      0xb33 obj/default/src/disk/ai_fs.o
 .debug_info    0x00000000000059a2      0x847 obj/default/src/disk/disk.o
 .debug_info    0x00000000000061e9     0x10c7 obj/default/src/main.o
 .debug_info    0x00000000000072b0      0x497 obj/default/src/microphone/microphone.o
 .debug_info    0x0000000000007747      0x1cc obj/default/src/microphone/queue.o
 .debug_info    0x0000000000007913      0xbf5 obj/default/src/microphone/recorder.o
 .debug_info    0x0000000000008508      0x95e obj/default/src/output/BLE/BLE.o
 .debug_info    0x0000000000008e66      0x8b8 obj/default/src/output/BLE/communication.o
 .debug_info    0x000000000000971e      0xe3b obj/default/src/output/exception.o
 .debug_info    0x000000000000a559      0x593 obj/default/src/output/gpio_distance.o
 .debug_info    0x000000000000aaec      0x3e7 obj/default/src/output/gpio_distance_measure.o
 .debug_info    0x000000000000aed3      0x3ec obj/default/src/output/gpio_status_animations.o
 .debug_info    0x000000000000b2bf      0x310 obj/default/src/processing/normalisation.o
 .debug_info    0x000000000000b5cf      0x78c obj/default/src/processing/spectrogram.o
 .debug_info    0x000000000000bd5b      0x2d2 obj/default/src/processing/utils/loud.o
 .debug_info    0x000000000000c02d      0x280 obj/default/src/processing/utils/scalex.o
 .debug_info    0x000000000000c2ad      0xe83 obj/default/src/selfchecks.o
 .debug_info    0x000000000000d130      0xbcf obj/default/src/speaker/sound.o
 .debug_info    0x000000000000dcff      0x8b2 obj/default/src/speaker/speaker.o
 .debug_info    0x000000000000e5b1      0x13d obj/default/src/utils/control_sum.o
 .debug_info    0x000000000000e6ee      0x41f obj/default/src/utils/datatypes.o
 .debug_info    0x000000000000eb0d      0x1c3 obj/default/src/utils/printnum.o
 .debug_info    0x000000000000ecd0       0x37 obj/default/src/utils/reset.o
 .debug_info    0x000000000000ed07      0x5a7 obj/default/src/utils/timer/timer.o
 .debug_info    0x000000000000f2ae      0x2c6 c:/intelfpga_lite/18.1/nios2eds/bin/gnu/h-x86_64-mingw32/bin/../lib/gcc/nios2-elf/5.3.0/mno-hw-mul\libgcc.a(lib2-divmod.o)
 .debug_info    0x000000000000f574       0xb4 c:/intelfpga_lite/18.1/nios2eds/bin/gnu/h-x86_64-mingw32/bin/../lib/gcc/nios2-elf/5.3.0/mno-hw-mul\libgcc.a(lib2-mul.o)
 .debug_info    0x000000000000f628      0x119 c:/intelfpga_lite/18.1/nios2eds/bin/gnu/h-x86_64-mingw32/bin/../lib/gcc/nios2-elf/5.3.0/../../../../../H-x86_64-mingw32/nios2-elf/lib/mno-hw-mul\libsmallc.a(lib_a-memcpy.o)
 .debug_info    0x000000000000f741      0x38a ../DebugAI_Speech1_bsp/\libhal_bsp.a(alt_iic.o)
 .debug_info    0x000000000000facb      0x232 ../DebugAI_Speech1_bsp/\libhal_bsp.a(alt_iic_isr_register.o)
 .debug_info    0x000000000000fcfd       0x73 ../DebugAI_Speech1_bsp/\libhal_bsp.a(alt_irq_entry.o)
 .debug_info    0x000000000000fd70      0x184 ../DebugAI_Speech1_bsp/\libhal_bsp.a(alt_irq_handler.o)
 .debug_info    0x000000000000fef4       0x88 ../DebugAI_Speech1_bsp/\libhal_bsp.a(alt_irq_vars.o)
 .debug_info    0x000000000000ff7c      0x1c9 ../DebugAI_Speech1_bsp/\libhal_bsp.a(alt_load.o)
 .debug_info    0x0000000000010145      0x169 ../DebugAI_Speech1_bsp/\libhal_bsp.a(alt_main.o)
 .debug_info    0x00000000000102ae      0x14d ../DebugAI_Speech1_bsp/\libhal_bsp.a(alt_printf.o)
 .debug_info    0x00000000000103fb      0x12a ../DebugAI_Speech1_bsp/\libhal_bsp.a(alt_putchar.o)
 .debug_info    0x0000000000010525      0x185 ../DebugAI_Speech1_bsp/\libhal_bsp.a(alt_sys_init.o)
 .debug_info    0x00000000000106aa      0x197 ../DebugAI_Speech1_bsp/\libhal_bsp.a(altera_avalon_jtag_uart_write.o)
 .debug_info    0x0000000000010841       0x92 ../DebugAI_Speech1_bsp/\libhal_bsp.a(alt_dcache_flush_all.o)
 .debug_info    0x00000000000108d3       0x79 ../DebugAI_Speech1_bsp/\libhal_bsp.a(alt_exception_entry.o)
 .debug_info    0x000000000001094c       0x92 ../DebugAI_Speech1_bsp/\libhal_bsp.a(alt_icache_flush_all.o)
 .debug_info    0x00000000000109de      0x1fd ../DebugAI_Speech1_bsp/\libhal_bsp.a(alt_instruction_exception_entry.o)
 .debug_info    0x0000000000010bdb       0x92 ../DebugAI_Speech1_bsp/\libhal_bsp.a(altera_nios2_gen2_irq.o)

.debug_abbrev   0x0000000000000000     0x3591
 *(.debug_abbrev)
 .debug_abbrev  0x0000000000000000       0x12 ../DebugAI_Speech1_bsp//obj/HAL/src/crt0.o
 .debug_abbrev  0x0000000000000012      0x135 obj/default/hello_world_small.o
 .debug_abbrev  0x0000000000000147      0x1c6 obj/default/src/ai/ai.o
 .debug_abbrev  0x000000000000030d      0x207 obj/default/src/ai/ai_db.o
 .debug_abbrev  0x0000000000000514      0x218 obj/default/src/ai/ai_group.o
 .debug_abbrev  0x000000000000072c      0x154 obj/default/src/ai/dma/dma.o
 .debug_abbrev  0x0000000000000880      0x124 obj/default/src/detect.o
 .debug_abbrev  0x00000000000009a4      0x16d obj/default/src/disk/ai_fs.o
 .debug_abbrev  0x0000000000000b11      0x184 obj/default/src/disk/disk.o
 .debug_abbrev  0x0000000000000c95      0x14c obj/default/src/main.o
 .debug_abbrev  0x0000000000000de1      0x18d obj/default/src/microphone/microphone.o
 .debug_abbrev  0x0000000000000f6e       0xe0 obj/default/src/microphone/queue.o
 .debug_abbrev  0x000000000000104e      0x12b obj/default/src/microphone/recorder.o
 .debug_abbrev  0x0000000000001179      0x235 obj/default/src/output/BLE/BLE.o
 .debug_abbrev  0x00000000000013ae      0x16f obj/default/src/output/BLE/communication.o
 .debug_abbrev  0x000000000000151d      0x14c obj/default/src/output/exception.o
 .debug_abbrev  0x0000000000001669      0x13d obj/default/src/output/gpio_distance.o
 .debug_abbrev  0x00000000000017a6      0x182 obj/default/src/output/gpio_distance_measure.o
 .debug_abbrev  0x0000000000001928      0x14a obj/default/src/output/gpio_status_animations.o
 .debug_abbrev  0x0000000000001a72      0x12b obj/default/src/processing/normalisation.o
 .debug_abbrev  0x0000000000001b9d      0x1a0 obj/default/src/processing/spectrogram.o
 .debug_abbrev  0x0000000000001d3d      0x129 obj/default/src/processing/utils/loud.o
 .debug_abbrev  0x0000000000001e66       0xe9 obj/default/src/processing/utils/scalex.o
 .debug_abbrev  0x0000000000001f4f      0x18b obj/default/src/selfchecks.o
 .debug_abbrev  0x00000000000020da      0x15f obj/default/src/speaker/sound.o
 .debug_abbrev  0x0000000000002239      0x148 obj/default/src/speaker/speaker.o
 .debug_abbrev  0x0000000000002381       0x99 obj/default/src/utils/control_sum.o
 .debug_abbrev  0x000000000000241a      0x177 obj/default/src/utils/datatypes.o
 .debug_abbrev  0x0000000000002591       0xb6 obj/default/src/utils/printnum.o
 .debug_abbrev  0x0000000000002647       0x2a obj/default/src/utils/reset.o
 .debug_abbrev  0x0000000000002671      0x151 obj/default/src/utils/timer/timer.o
 .debug_abbrev  0x00000000000027c2      0x10e c:/intelfpga_lite/18.1/nios2eds/bin/gnu/h-x86_64-mingw32/bin/../lib/gcc/nios2-elf/5.3.0/mno-hw-mul\libgcc.a(lib2-divmod.o)
 .debug_abbrev  0x00000000000028d0       0x6f c:/intelfpga_lite/18.1/nios2eds/bin/gnu/h-x86_64-mingw32/bin/../lib/gcc/nios2-elf/5.3.0/mno-hw-mul\libgcc.a(lib2-mul.o)
 .debug_abbrev  0x000000000000293f       0x9c c:/intelfpga_lite/18.1/nios2eds/bin/gnu/h-x86_64-mingw32/bin/../lib/gcc/nios2-elf/5.3.0/../../../../../H-x86_64-mingw32/nios2-elf/lib/mno-hw-mul\libsmallc.a(lib_a-memcpy.o)
 .debug_abbrev  0x00000000000029db      0x1a0 ../DebugAI_Speech1_bsp/\libhal_bsp.a(alt_iic.o)
 .debug_abbrev  0x0000000000002b7b      0x19c ../DebugAI_Speech1_bsp/\libhal_bsp.a(alt_iic_isr_register.o)
 .debug_abbrev  0x0000000000002d17       0x12 ../DebugAI_Speech1_bsp/\libhal_bsp.a(alt_irq_entry.o)
 .debug_abbrev  0x0000000000002d29      0x120 ../DebugAI_Speech1_bsp/\libhal_bsp.a(alt_irq_handler.o)
 .debug_abbrev  0x0000000000002e49       0x40 ../DebugAI_Speech1_bsp/\libhal_bsp.a(alt_irq_vars.o)
 .debug_abbrev  0x0000000000002e89       0xd8 ../DebugAI_Speech1_bsp/\libhal_bsp.a(alt_load.o)
 .debug_abbrev  0x0000000000002f61       0xee ../DebugAI_Speech1_bsp/\libhal_bsp.a(alt_main.o)
 .debug_abbrev  0x000000000000304f       0xd5 ../DebugAI_Speech1_bsp/\libhal_bsp.a(alt_printf.o)
 .debug_abbrev  0x0000000000003124       0xd2 ../DebugAI_Speech1_bsp/\libhal_bsp.a(alt_putchar.o)
 .debug_abbrev  0x00000000000031f6      0x107 ../DebugAI_Speech1_bsp/\libhal_bsp.a(alt_sys_init.o)
 .debug_abbrev  0x00000000000032fd       0xd5 ../DebugAI_Speech1_bsp/\libhal_bsp.a(altera_avalon_jtag_uart_write.o)
 .debug_abbrev  0x00000000000033d2       0x42 ../DebugAI_Speech1_bsp/\libhal_bsp.a(alt_dcache_flush_all.o)
 .debug_abbrev  0x0000000000003414       0x12 ../DebugAI_Speech1_bsp/\libhal_bsp.a(alt_exception_entry.o)
 .debug_abbrev  0x0000000000003426       0x42 ../DebugAI_Speech1_bsp/\libhal_bsp.a(alt_icache_flush_all.o)
 .debug_abbrev  0x0000000000003468       0xe7 ../DebugAI_Speech1_bsp/\libhal_bsp.a(alt_instruction_exception_entry.o)
 .debug_abbrev  0x000000000000354f       0x42 ../DebugAI_Speech1_bsp/\libhal_bsp.a(altera_nios2_gen2_irq.o)

.debug_line     0x0000000000000000     0x5bcf
 *(.debug_line)
 .debug_line    0x0000000000000000       0x66 ../DebugAI_Speech1_bsp//obj/HAL/src/crt0.o
 .debug_line    0x0000000000000066      0x45b obj/default/hello_world_small.o
 .debug_line    0x00000000000004c1      0x253 obj/default/src/ai/ai.o
 .debug_line    0x0000000000000714      0x3f0 obj/default/src/ai/ai_db.o
 .debug_line    0x0000000000000b04      0x454 obj/default/src/ai/ai_group.o
 .debug_line    0x0000000000000f58      0x183 obj/default/src/ai/dma/dma.o
 .debug_line    0x00000000000010db      0x42e obj/default/src/detect.o
 .debug_line    0x0000000000001509      0x2d2 obj/default/src/disk/ai_fs.o
 .debug_line    0x00000000000017db      0x27e obj/default/src/disk/disk.o
 .debug_line    0x0000000000001a59      0x476 obj/default/src/main.o
 .debug_line    0x0000000000001ecf      0x1c4 obj/default/src/microphone/microphone.o
 .debug_line    0x0000000000002093      0x144 obj/default/src/microphone/queue.o
 .debug_line    0x00000000000021d7      0x46e obj/default/src/microphone/recorder.o
 .debug_line    0x0000000000002645      0x327 obj/default/src/output/BLE/BLE.o
 .debug_line    0x000000000000296c      0x2d7 obj/default/src/output/BLE/communication.o
 .debug_line    0x0000000000002c43      0x400 obj/default/src/output/exception.o
 .debug_line    0x0000000000003043      0x1bb obj/default/src/output/gpio_distance.o
 .debug_line    0x00000000000031fe      0x1fe obj/default/src/output/gpio_distance_measure.o
 .debug_line    0x00000000000033fc      0x1ca obj/default/src/output/gpio_status_animations.o
 .debug_line    0x00000000000035c6      0x1dd obj/default/src/processing/normalisation.o
 .debug_line    0x00000000000037a3      0x2ca obj/default/src/processing/spectrogram.o
 .debug_line    0x0000000000003a6d      0x1a0 obj/default/src/processing/utils/loud.o
 .debug_line    0x0000000000003c0d      0x1c0 obj/default/src/processing/utils/scalex.o
 .debug_line    0x0000000000003dcd      0x3be obj/default/src/selfchecks.o
 .debug_line    0x000000000000418b      0x334 obj/default/src/speaker/sound.o
 .debug_line    0x00000000000044bf      0x303 obj/default/src/speaker/speaker.o
 .debug_line    0x00000000000047c2      0x13b obj/default/src/utils/control_sum.o
 .debug_line    0x00000000000048fd      0x1b2 obj/default/src/utils/datatypes.o
 .debug_line    0x0000000000004aaf      0x188 obj/default/src/utils/printnum.o
 .debug_line    0x0000000000004c37       0x43 obj/default/src/utils/reset.o
 .debug_line    0x0000000000004c7a      0x234 obj/default/src/utils/timer/timer.o
 .debug_line    0x0000000000004eae      0x105 c:/intelfpga_lite/18.1/nios2eds/bin/gnu/h-x86_64-mingw32/bin/../lib/gcc/nios2-elf/5.3.0/mno-hw-mul\libgcc.a(lib2-divmod.o)
 .debug_line    0x0000000000004fb3       0x80 c:/intelfpga_lite/18.1/nios2eds/bin/gnu/h-x86_64-mingw32/bin/../lib/gcc/nios2-elf/5.3.0/mno-hw-mul\libgcc.a(lib2-mul.o)
 .debug_line    0x0000000000005033      0x15e c:/intelfpga_lite/18.1/nios2eds/bin/gnu/h-x86_64-mingw32/bin/../lib/gcc/nios2-elf/5.3.0/../../../../../H-x86_64-mingw32/nios2-elf/lib/mno-hw-mul\libsmallc.a(lib_a-memcpy.o)
 .debug_line    0x0000000000005191       0xf1 ../DebugAI_Speech1_bsp/\libhal_bsp.a(alt_iic.o)
 .debug_line    0x0000000000005282       0xd6 ../DebugAI_Speech1_bsp/\libhal_bsp.a(alt_iic_isr_register.o)
 .debug_line    0x0000000000005358       0x6b ../DebugAI_Speech1_bsp/\libhal_bsp.a(alt_irq_entry.o)
 .debug_line    0x00000000000053c3       0xa5 ../DebugAI_Speech1_bsp/\libhal_bsp.a(alt_irq_handler.o)
 .debug_line    0x0000000000005468       0x50 ../DebugAI_Speech1_bsp/\libhal_bsp.a(alt_irq_vars.o)
 .debug_line    0x00000000000054b8       0xa4 ../DebugAI_Speech1_bsp/\libhal_bsp.a(alt_load.o)
 .debug_line    0x000000000000555c       0xbd ../DebugAI_Speech1_bsp/\libhal_bsp.a(alt_main.o)
 .debug_line    0x0000000000005619      0x112 ../DebugAI_Speech1_bsp/\libhal_bsp.a(alt_printf.o)
 .debug_line    0x000000000000572b       0x55 ../DebugAI_Speech1_bsp/\libhal_bsp.a(alt_putchar.o)
 .debug_line    0x0000000000005780      0x101 ../DebugAI_Speech1_bsp/\libhal_bsp.a(alt_sys_init.o)
 .debug_line    0x0000000000005881       0xf0 ../DebugAI_Speech1_bsp/\libhal_bsp.a(altera_avalon_jtag_uart_write.o)
 .debug_line    0x0000000000005971       0x4e ../DebugAI_Speech1_bsp/\libhal_bsp.a(alt_dcache_flush_all.o)
 .debug_line    0x00000000000059bf       0xb3 ../DebugAI_Speech1_bsp/\libhal_bsp.a(alt_exception_entry.o)
 .debug_line    0x0000000000005a72       0x4e ../DebugAI_Speech1_bsp/\libhal_bsp.a(alt_icache_flush_all.o)
 .debug_line    0x0000000000005ac0       0xbf ../DebugAI_Speech1_bsp/\libhal_bsp.a(alt_instruction_exception_entry.o)
 .debug_line    0x0000000000005b7f       0x50 ../DebugAI_Speech1_bsp/\libhal_bsp.a(altera_nios2_gen2_irq.o)

.debug_frame    0x0000000000000000     0x13fc
 *(.debug_frame)
 .debug_frame   0x0000000000000000       0x3c obj/default/hello_world_small.o
 .debug_frame   0x000000000000003c       0x90 obj/default/src/ai/ai.o
 .debug_frame   0x00000000000000cc      0x11c obj/default/src/ai/ai_db.o
 .debug_frame   0x00000000000001e8       0xe8 obj/default/src/ai/ai_group.o
 .debug_frame   0x00000000000002d0       0x6c obj/default/src/ai/dma/dma.o
 .debug_frame   0x000000000000033c       0x60 obj/default/src/detect.o
 .debug_frame   0x000000000000039c       0xd8 obj/default/src/disk/ai_fs.o
 .debug_frame   0x0000000000000474       0xb8 obj/default/src/disk/disk.o
 .debug_frame   0x000000000000052c       0x50 obj/default/src/main.o
 .debug_frame   0x000000000000057c       0xc0 obj/default/src/microphone/microphone.o
 .debug_frame   0x000000000000063c       0x40 obj/default/src/microphone/queue.o
 .debug_frame   0x000000000000067c       0x54 obj/default/src/microphone/recorder.o
 .debug_frame   0x00000000000006d0       0xdc obj/default/src/output/BLE/BLE.o
 .debug_frame   0x00000000000007ac       0x7c obj/default/src/output/BLE/communication.o
 .debug_frame   0x0000000000000828       0xb0 obj/default/src/output/exception.o
 .debug_frame   0x00000000000008d8      0x16c obj/default/src/output/gpio_distance.o
 .debug_frame   0x0000000000000a44       0xa8 obj/default/src/output/gpio_distance_measure.o
 .debug_frame   0x0000000000000aec       0xb0 obj/default/src/output/gpio_status_animations.o
 .debug_frame   0x0000000000000b9c       0x5c obj/default/src/processing/normalisation.o
 .debug_frame   0x0000000000000bf8       0x74 obj/default/src/processing/spectrogram.o
 .debug_frame   0x0000000000000c6c       0x3c obj/default/src/processing/utils/loud.o
 .debug_frame   0x0000000000000ca8       0x54 obj/default/src/processing/utils/scalex.o
 .debug_frame   0x0000000000000cfc       0x74 obj/default/src/selfchecks.o
 .debug_frame   0x0000000000000d70       0xc4 obj/default/src/speaker/sound.o
 .debug_frame   0x0000000000000e34       0x70 obj/default/src/speaker/speaker.o
 .debug_frame   0x0000000000000ea4       0x20 obj/default/src/utils/control_sum.o
 .debug_frame   0x0000000000000ec4       0xbc obj/default/src/utils/datatypes.o
 .debug_frame   0x0000000000000f80       0x84 obj/default/src/utils/printnum.o
 .debug_frame   0x0000000000001004       0x20 obj/default/src/utils/reset.o
 .debug_frame   0x0000000000001024       0xc8 obj/default/src/utils/timer/timer.o
 .debug_frame   0x00000000000010ec       0x50 c:/intelfpga_lite/18.1/nios2eds/bin/gnu/h-x86_64-mingw32/bin/../lib/gcc/nios2-elf/5.3.0/mno-hw-mul\libgcc.a(lib2-divmod.o)
 .debug_frame   0x000000000000113c       0x20 c:/intelfpga_lite/18.1/nios2eds/bin/gnu/h-x86_64-mingw32/bin/../lib/gcc/nios2-elf/5.3.0/mno-hw-mul\libgcc.a(lib2-mul.o)
 .debug_frame   0x000000000000115c       0x20 c:/intelfpga_lite/18.1/nios2eds/bin/gnu/h-x86_64-mingw32/bin/../lib/gcc/nios2-elf/5.3.0/../../../../../H-x86_64-mingw32/nios2-elf/lib/mno-hw-mul\libsmallc.a(lib_a-memcpy.o)
 .debug_frame   0x000000000000117c       0x50 ../DebugAI_Speech1_bsp/\libhal_bsp.a(alt_iic.o)
 .debug_frame   0x00000000000011cc       0x30 ../DebugAI_Speech1_bsp/\libhal_bsp.a(alt_iic_isr_register.o)
 .debug_frame   0x00000000000011fc       0x34 ../DebugAI_Speech1_bsp/\libhal_bsp.a(alt_irq_handler.o)
 .debug_frame   0x0000000000001230       0x30 ../DebugAI_Speech1_bsp/\libhal_bsp.a(alt_load.o)
 .debug_frame   0x0000000000001260       0x2c ../DebugAI_Speech1_bsp/\libhal_bsp.a(alt_main.o)
 .debug_frame   0x000000000000128c       0x54 ../DebugAI_Speech1_bsp/\libhal_bsp.a(alt_printf.o)
 .debug_frame   0x00000000000012e0       0x30 ../DebugAI_Speech1_bsp/\libhal_bsp.a(alt_putchar.o)
 .debug_frame   0x0000000000001310       0x3c ../DebugAI_Speech1_bsp/\libhal_bsp.a(alt_sys_init.o)
 .debug_frame   0x000000000000134c       0x20 ../DebugAI_Speech1_bsp/\libhal_bsp.a(altera_avalon_jtag_uart_write.o)
 .debug_frame   0x000000000000136c       0x20 ../DebugAI_Speech1_bsp/\libhal_bsp.a(alt_dcache_flush_all.o)
 .debug_frame   0x000000000000138c       0x20 ../DebugAI_Speech1_bsp/\libhal_bsp.a(alt_icache_flush_all.o)
 .debug_frame   0x00000000000013ac       0x30 ../DebugAI_Speech1_bsp/\libhal_bsp.a(alt_instruction_exception_entry.o)
 .debug_frame   0x00000000000013dc       0x20 ../DebugAI_Speech1_bsp/\libhal_bsp.a(altera_nios2_gen2_irq.o)

.debug_str      0x0000000000000000     0x2f3e
 *(.debug_str)
 .debug_str     0x0000000000000000      0x9e0 obj/default/hello_world_small.o
                                        0xb1b (size before relaxing)
 .debug_str     0x00000000000009e0      0x20e obj/default/src/ai/ai.o
                                        0x792 (size before relaxing)
 .debug_str     0x0000000000000bee      0x41b obj/default/src/ai/ai_db.o
                                        0xeb9 (size before relaxing)
 .debug_str     0x0000000000001009       0xd0 obj/default/src/ai/ai_group.o
                                        0xe26 (size before relaxing)
 .debug_str     0x00000000000010d9       0x73 obj/default/src/ai/dma/dma.o
                                        0x280 (size before relaxing)
 .debug_str     0x000000000000114c      0x23b obj/default/src/detect.o
                                        0xda1 (size before relaxing)
 .debug_str     0x0000000000001387      0x1aa obj/default/src/disk/ai_fs.o
                                        0x8c3 (size before relaxing)
 .debug_str     0x0000000000001531       0xae obj/default/src/disk/disk.o
                                        0x78e (size before relaxing)
 .debug_str     0x00000000000015df      0x19d obj/default/src/main.o
                                        0xd89 (size before relaxing)
 .debug_str     0x000000000000177c      0x1d6 obj/default/src/microphone/microphone.o
                                        0x472 (size before relaxing)
 .debug_str     0x0000000000001952       0x17 obj/default/src/microphone/queue.o
                                        0x246 (size before relaxing)
 .debug_str     0x0000000000001969      0x150 obj/default/src/microphone/recorder.o
                                        0xb45 (size before relaxing)
 .debug_str     0x0000000000001ab9      0x156 obj/default/src/output/BLE/BLE.o
                                        0x791 (size before relaxing)
 .debug_str     0x0000000000001c0f       0xfd obj/default/src/output/BLE/communication.o
                                        0x79e (size before relaxing)
 .debug_str     0x0000000000001d0c       0x37 obj/default/src/output/exception.o
                                        0xb32 (size before relaxing)
 .debug_str     0x0000000000001d43       0xda obj/default/src/output/gpio_distance.o
                                        0x49f (size before relaxing)
 .debug_str     0x0000000000001e1d       0x3c obj/default/src/output/gpio_distance_measure.o
                                        0x432 (size before relaxing)
 .debug_str     0x0000000000001e59       0x69 obj/default/src/output/gpio_status_animations.o
                                        0x3b3 (size before relaxing)
 .debug_str     0x0000000000001ec2       0x4f obj/default/src/processing/normalisation.o
                                        0x2a3 (size before relaxing)
 .debug_str     0x0000000000001f11       0x3a obj/default/src/processing/spectrogram.o
                                        0x680 (size before relaxing)
 .debug_str     0x0000000000001f4b       0x5b obj/default/src/processing/utils/loud.o
                                        0x2bc (size before relaxing)
 .debug_str     0x0000000000001fa6       0x67 obj/default/src/processing/utils/scalex.o
                                        0x1fa (size before relaxing)
 .debug_str     0x000000000000200d       0x29 obj/default/src/selfchecks.o
                                        0xdd5 (size before relaxing)
 .debug_str     0x0000000000002036      0x145 obj/default/src/speaker/sound.o
                                        0xa67 (size before relaxing)
 .debug_str     0x000000000000217b       0x20 obj/default/src/speaker/speaker.o
                                        0x833 (size before relaxing)
 .debug_str     0x000000000000219b       0x2f obj/default/src/utils/control_sum.o
                                        0x1b1 (size before relaxing)
 .debug_str     0x00000000000021ca       0x5b obj/default/src/utils/datatypes.o
                                        0x258 (size before relaxing)
 .debug_str     0x0000000000002225       0x24 obj/default/src/utils/printnum.o
                                        0x16d (size before relaxing)
 .debug_str     0x0000000000002249       0x22 obj/default/src/utils/reset.o
                                         0x9d (size before relaxing)
 .debug_str     0x000000000000226b       0x31 obj/default/src/utils/timer/timer.o
                                        0x571 (size before relaxing)
 .debug_str     0x000000000000229c      0x187 c:/intelfpga_lite/18.1/nios2eds/bin/gnu/h-x86_64-mingw32/bin/../lib/gcc/nios2-elf/5.3.0/mno-hw-mul\libgcc.a(lib2-divmod.o)
                                        0x1d2 (size before relaxing)
 .debug_str     0x0000000000002423       0x40 c:/intelfpga_lite/18.1/nios2eds/bin/gnu/h-x86_64-mingw32/bin/../lib/gcc/nios2-elf/5.3.0/mno-hw-mul\libgcc.a(lib2-mul.o)
                                        0x193 (size before relaxing)
 .debug_str     0x0000000000002463      0x147 c:/intelfpga_lite/18.1/nios2eds/bin/gnu/h-x86_64-mingw32/bin/../lib/gcc/nios2-elf/5.3.0/../../../../../H-x86_64-mingw32/nios2-elf/lib/mno-hw-mul\libsmallc.a(lib_a-memcpy.o)
                                        0x1f3 (size before relaxing)
 .debug_str     0x00000000000025aa      0x114 ../DebugAI_Speech1_bsp/\libhal_bsp.a(alt_iic.o)
                                        0x24f (size before relaxing)
 .debug_str     0x00000000000026be       0x37 ../DebugAI_Speech1_bsp/\libhal_bsp.a(alt_iic_isr_register.o)
                                        0x209 (size before relaxing)
 .debug_str     0x00000000000026f5       0x3a ../DebugAI_Speech1_bsp/\libhal_bsp.a(alt_irq_handler.o)
                                        0x193 (size before relaxing)
 .debug_str     0x000000000000272f       0x17 ../DebugAI_Speech1_bsp/\libhal_bsp.a(alt_irq_vars.o)
                                        0x136 (size before relaxing)
 .debug_str     0x0000000000002746      0x113 ../DebugAI_Speech1_bsp/\libhal_bsp.a(alt_load.o)
                                        0x238 (size before relaxing)
 .debug_str     0x0000000000002859       0x8f ../DebugAI_Speech1_bsp/\libhal_bsp.a(alt_main.o)
                                        0x1b1 (size before relaxing)
 .debug_str     0x00000000000028e8       0x59 ../DebugAI_Speech1_bsp/\libhal_bsp.a(alt_printf.o)
                                        0x102 (size before relaxing)
 .debug_str     0x0000000000002941       0x5a ../DebugAI_Speech1_bsp/\libhal_bsp.a(alt_putchar.o)
                                        0x183 (size before relaxing)
 .debug_str     0x000000000000299b       0x81 ../DebugAI_Speech1_bsp/\libhal_bsp.a(alt_sys_init.o)
                                        0x21c (size before relaxing)
 .debug_str     0x0000000000002a1c       0x39 ../DebugAI_Speech1_bsp/\libhal_bsp.a(altera_avalon_jtag_uart_write.o)
                                        0x211 (size before relaxing)
 .debug_str     0x0000000000002a55       0x1f ../DebugAI_Speech1_bsp/\libhal_bsp.a(alt_dcache_flush_all.o)
                                        0x151 (size before relaxing)
 .debug_str     0x0000000000002a74       0x1f ../DebugAI_Speech1_bsp/\libhal_bsp.a(alt_icache_flush_all.o)
                                        0x151 (size before relaxing)
 .debug_str     0x0000000000002a93      0x48b ../DebugAI_Speech1_bsp/\libhal_bsp.a(alt_instruction_exception_entry.o)
                                        0x59c (size before relaxing)
 .debug_str     0x0000000000002f1e       0x20 ../DebugAI_Speech1_bsp/\libhal_bsp.a(altera_nios2_gen2_irq.o)
                                        0x158 (size before relaxing)

.debug_loc      0x0000000000000000     0x4b58
 *(.debug_loc)
 .debug_loc     0x0000000000000000       0x1e obj/default/hello_world_small.o
 .debug_loc     0x000000000000001e      0x24c obj/default/src/ai/ai.o
 .debug_loc     0x000000000000026a      0x5d5 obj/default/src/ai/ai_db.o
 .debug_loc     0x000000000000083f      0x4fc obj/default/src/ai/ai_group.o
 .debug_loc     0x0000000000000d3b      0x156 obj/default/src/ai/dma/dma.o
 .debug_loc     0x0000000000000e91      0x133 obj/default/src/detect.o
 .debug_loc     0x0000000000000fc4      0x45e obj/default/src/disk/ai_fs.o
 .debug_loc     0x0000000000001422      0x1a5 obj/default/src/disk/disk.o
 .debug_loc     0x00000000000015c7      0x2cd obj/default/src/main.o
 .debug_loc     0x0000000000001894      0x1d9 obj/default/src/microphone/microphone.o
 .debug_loc     0x0000000000001a6d       0x71 obj/default/src/microphone/queue.o
 .debug_loc     0x0000000000001ade      0x318 obj/default/src/microphone/recorder.o
 .debug_loc     0x0000000000001df6      0x324 obj/default/src/output/BLE/BLE.o
 .debug_loc     0x000000000000211a      0x1d0 obj/default/src/output/BLE/communication.o
 .debug_loc     0x00000000000022ea      0x1d9 obj/default/src/output/exception.o
 .debug_loc     0x00000000000024c3      0x26f obj/default/src/output/gpio_distance.o
 .debug_loc     0x0000000000002732      0x139 obj/default/src/output/gpio_distance_measure.o
 .debug_loc     0x000000000000286b      0x1d7 obj/default/src/output/gpio_status_animations.o
 .debug_loc     0x0000000000002a42       0x94 obj/default/src/processing/normalisation.o
 .debug_loc     0x0000000000002ad6      0x164 obj/default/src/processing/spectrogram.o
 .debug_loc     0x0000000000002c3a      0x282 obj/default/src/processing/utils/loud.o
 .debug_loc     0x0000000000002ebc      0x1cf obj/default/src/processing/utils/scalex.o
 .debug_loc     0x000000000000308b      0x1e5 obj/default/src/selfchecks.o
 .debug_loc     0x0000000000003270      0x1f9 obj/default/src/speaker/sound.o
 .debug_loc     0x0000000000003469      0x128 obj/default/src/speaker/speaker.o
 .debug_loc     0x0000000000003591       0xe0 obj/default/src/utils/control_sum.o
 .debug_loc     0x0000000000003671      0x438 obj/default/src/utils/datatypes.o
 .debug_loc     0x0000000000003aa9      0x20b obj/default/src/utils/printnum.o
 .debug_loc     0x0000000000003cb4      0x17e obj/default/src/utils/timer/timer.o
 .debug_loc     0x0000000000003e32      0x4ce c:/intelfpga_lite/18.1/nios2eds/bin/gnu/h-x86_64-mingw32/bin/../lib/gcc/nios2-elf/5.3.0/mno-hw-mul\libgcc.a(lib2-divmod.o)
 .debug_loc     0x0000000000004300       0x93 c:/intelfpga_lite/18.1/nios2eds/bin/gnu/h-x86_64-mingw32/bin/../lib/gcc/nios2-elf/5.3.0/mno-hw-mul\libgcc.a(lib2-mul.o)
 .debug_loc     0x0000000000004393      0x135 c:/intelfpga_lite/18.1/nios2eds/bin/gnu/h-x86_64-mingw32/bin/../lib/gcc/nios2-elf/5.3.0/../../../../../H-x86_64-mingw32/nios2-elf/lib/mno-hw-mul\libsmallc.a(lib_a-memcpy.o)
 .debug_loc     0x00000000000044c8      0x170 ../DebugAI_Speech1_bsp/\libhal_bsp.a(alt_iic.o)
 .debug_loc     0x0000000000004638      0x193 ../DebugAI_Speech1_bsp/\libhal_bsp.a(alt_iic_isr_register.o)
 .debug_loc     0x00000000000047cb       0x72 ../DebugAI_Speech1_bsp/\libhal_bsp.a(alt_irq_handler.o)
 .debug_loc     0x000000000000483d      0x1de ../DebugAI_Speech1_bsp/\libhal_bsp.a(alt_printf.o)
 .debug_loc     0x0000000000004a1b       0x2c ../DebugAI_Speech1_bsp/\libhal_bsp.a(alt_putchar.o)
 .debug_loc     0x0000000000004a47       0x21 ../DebugAI_Speech1_bsp/\libhal_bsp.a(alt_sys_init.o)
 .debug_loc     0x0000000000004a68       0x8b ../DebugAI_Speech1_bsp/\libhal_bsp.a(altera_avalon_jtag_uart_write.o)
 .debug_loc     0x0000000000004af3       0x65 ../DebugAI_Speech1_bsp/\libhal_bsp.a(alt_instruction_exception_entry.o)

.debug_macinfo
 *(.debug_macinfo)

.debug_weaknames
 *(.debug_weaknames)

.debug_funcnames
 *(.debug_funcnames)

.debug_typenames
 *(.debug_typenames)

.debug_varnames
 *(.debug_varnames)

.debug_alt_sim_info
                0x0000000000000000       0x10
 *(.debug_alt_sim_info)
 .debug_alt_sim_info
                0x0000000000000000       0x10 ../DebugAI_Speech1_bsp//obj/HAL/src/crt0.o
                0x0000000000074000                __alt_data_end = 0x74000
                0x0000000000074000                PROVIDE (__alt_stack_pointer, __alt_data_end)
                [!provide]                        PROVIDE (__alt_stack_limit, __alt_stack_base)
                [!provide]                        PROVIDE (__alt_heap_start, end)
                [!provide]                        PROVIDE (__alt_heap_limit, 0x74000)
OUTPUT(DebugAI_Speech1.elf elf32-littlenios2)

.debug_ranges   0x0000000000000000      0x6a8
 .debug_ranges  0x0000000000000000       0x20 ../DebugAI_Speech1_bsp//obj/HAL/src/crt0.o
 .debug_ranges  0x0000000000000020       0x10 obj/default/hello_world_small.o
 .debug_ranges  0x0000000000000030       0x38 obj/default/src/ai/ai.o
 .debug_ranges  0x0000000000000068       0x78 obj/default/src/ai/ai_db.o
 .debug_ranges  0x00000000000000e0       0xe0 obj/default/src/ai/ai_group.o
 .debug_ranges  0x00000000000001c0       0x30 obj/default/src/ai/dma/dma.o
 .debug_ranges  0x00000000000001f0       0x50 obj/default/src/disk/ai_fs.o
 .debug_ranges  0x0000000000000240       0x40 obj/default/src/disk/disk.o
 .debug_ranges  0x0000000000000280       0x20 obj/default/src/main.o
 .debug_ranges  0x00000000000002a0       0x20 obj/default/src/microphone/microphone.o
 .debug_ranges  0x00000000000002c0       0x18 obj/default/src/microphone/queue.o
 .debug_ranges  0x00000000000002d8       0x18 obj/default/src/microphone/recorder.o
 .debug_ranges  0x00000000000002f0       0x78 obj/default/src/output/BLE/BLE.o
 .debug_ranges  0x0000000000000368       0x30 obj/default/src/output/gpio_status_animations.o
 .debug_ranges  0x0000000000000398       0x28 obj/default/src/processing/spectrogram.o
 .debug_ranges  0x00000000000003c0       0x40 obj/default/src/processing/utils/loud.o
 .debug_ranges  0x0000000000000400       0x28 obj/default/src/processing/utils/scalex.o
 .debug_ranges  0x0000000000000428       0x20 obj/default/src/speaker/sound.o
 .debug_ranges  0x0000000000000448       0x18 obj/default/src/utils/control_sum.o
 .debug_ranges  0x0000000000000460       0x88 obj/default/src/utils/datatypes.o
 .debug_ranges  0x00000000000004e8       0x70 obj/default/src/utils/printnum.o
 .debug_ranges  0x0000000000000558       0x60 c:/intelfpga_lite/18.1/nios2eds/bin/gnu/h-x86_64-mingw32/bin/../lib/gcc/nios2-elf/5.3.0/mno-hw-mul\libgcc.a(lib2-divmod.o)
 .debug_ranges  0x00000000000005b8       0x10 c:/intelfpga_lite/18.1/nios2eds/bin/gnu/h-x86_64-mingw32/bin/../lib/gcc/nios2-elf/5.3.0/../../../../../H-x86_64-mingw32/nios2-elf/lib/mno-hw-mul\libsmallc.a(lib_a-memcpy.o)
 .debug_ranges  0x00000000000005c8       0x28 ../DebugAI_Speech1_bsp/\libhal_bsp.a(alt_irq_entry.o)
 .debug_ranges  0x00000000000005f0       0x10 ../DebugAI_Speech1_bsp/\libhal_bsp.a(alt_irq_handler.o)
 .debug_ranges  0x0000000000000600       0x48 ../DebugAI_Speech1_bsp/\libhal_bsp.a(alt_load.o)
 .debug_ranges  0x0000000000000648       0x18 ../DebugAI_Speech1_bsp/\libhal_bsp.a(alt_printf.o)
 .debug_ranges  0x0000000000000660       0x30 ../DebugAI_Speech1_bsp/\libhal_bsp.a(alt_exception_entry.o)
 .debug_ranges  0x0000000000000690       0x18 ../DebugAI_Speech1_bsp/\libhal_bsp.a(alt_instruction_exception_entry.o)
